// Jest Snapshot v1, https://goo.gl/fbAQLP

exports[`matches snapshot 1`] = `
<div
  className="leaderboard"
>
  <header>
    <h1>
      Leader Board
    </h1>
    <img
      alt="?"
      src="assets\\wizard3.png"
    />
  </header>
  <table>
    <thead>
      <tr>
        <th
          className="rank"
        >
          Ranking
        </th>
        <th
          className="username"
        >
          Username
        </th>
        <th
          className="mmr"
        >
          MMR
        </th>
        <th
          className="winstreak"
        >
          Games Won
        </th>
      </tr>
    </thead>
    <tbody>
      <tr>
        <td
          className="rank"
        >
          1
        </td>
        <td
          className="username"
        />
        <td
          className="mmr"
        />
        <td
          className="winstreak"
        />
      </tr>
      <tr>
        <td
          className="rank"
        >
          2
        </td>
        <td
          className="username"
        />
        <td
          className="mmr"
        />
        <td
          className="winstreak"
        />
      </tr>
      <tr>
        <td
          className="rank"
        >
          3
        </td>
        <td
          className="username"
        />
        <td
          className="mmr"
        />
        <td
          className="winstreak"
        />
      </tr>
      <tr>
        <td
          className="rank"
        >
          4
        </td>
        <td
          className="username"
        />
        <td
          className="mmr"
        />
        <td
          className="winstreak"
        />
      </tr>
      <tr>
        <td
          className="rank"
        >
          5
        </td>
        <td
          className="username"
        />
        <td
          className="mmr"
        />
        <td
          className="winstreak"
        />
      </tr>
      <tr>
        <td
          className="rank"
        >
          6
        </td>
        <td
          className="username"
        />
        <td
          className="mmr"
        />
        <td
          className="winstreak"
        />
      </tr>
      <tr>
        <td
          className="rank"
        >
          7
        </td>
        <td
          className="username"
        />
        <td
          className="mmr"
        />
        <td
          className="winstreak"
        />
      </tr>
      <tr>
        <td
          className="rank"
        >
          8
        </td>
        <td
          className="username"
        />
        <td
          className="mmr"
        />
        <td
          className="winstreak"
        />
      </tr>
      <tr>
        <td
          className="rank"
        >
          9
        </td>
        <td
          className="username"
        />
        <td
          className="mmr"
        />
        <td
          className="winstreak"
        />
      </tr>
      <tr>
        <td
          className="rank"
        >
          10
        </td>
        <td
          className="username"
        />
        <td
          className="mmr"
        />
        <td
          className="winstreak"
        />
      </tr>
      <tr>
        <td
          className="rank"
        />
        <td
          className="username"
        />
        <td
          className="mmr"
        />
        <td
          className="winstreak"
        />
      </tr>
    </tbody>
  </table>
</div>
`;
